https://pt.stackoverflow.com/questions/220078/o-que-significa-o-erro-execu%C3%A7%C3%A3o-de-scripts-foi-desabilitada-neste-sistema
---
PS C:\Users\LINQ> Get-ExecutionPolicy
Restricted

PS C:\Users\LINQ> Set-ExecutionPolicy RemoteSigned
PS C:\Users\LINQ> Get-ExecutionPolicy
RemoteSigned
---


PS C:\Users\LINQ> Get-ExecutionPolicy
Restricted

PS C:\Users\LINQ> Set-ExecutionPolicy RemoteSigned
PS C:\Users\LINQ> Get-ExecutionPolicy
RemoteSigned
Existem vários tipos de permissão que você pode usar com este cmdlet

Restricted
Não carrega nem executa arquivos de configuração e/ou scripts do Powershell.

AllSigned
Só executa scripts e arquivos de configuração assinados por um fornecedor confiável, mesmo que o script tenha sido escrito por você mesmo (local).

RemoteSigned
É basicamente o mesmo que o acima, porém permite a execução de arquivos de configuração e/ou scripts locais.

Unrestricted
Carrega e executa todos os arquivos de configuração e scripts PowerShell. Pode ser pedida uma confirmação para executar scripts não assinados.

Bypass
Não há nenhuma restrição.

Undefined
Remove a política de execução atual. A não ser que ela esteja definida numa diretiva de grupo.


-----

Por padrão o privilégio para excutar scripts é o Restricted, ou seja, nenhum script chamado via arquivo pode ser executado apenas em modo interativo (via console ou ISE)

Para alterar a politica de execução use o cmdlet e algum dos seguinte

Set-ExecutionPolicy AllSigned 
Restricted: É valor padrão (Windows 8, Windows Server 2012, and Windows 8.1) , não permite que nenhum arquivo seja executado isso inclui arquivos de configuração (.ps1xml), módulos (.psm1) e .ps1

AllSigned: Permite a execução de arquivos, porém necessita que os arquivos sejam assinados por um publicador confiável.

Unrestricted: Scripts não assinados podem rodar.

Bypass: Nada é bloqueado e não emite warnings ou prompts (pergunta se deseja executar algo por exemplo)

Undefined: Define a politica de execução indefinida. Se todos os escopos forem Undefined por padrão ela vira Restricted. Pode verificar os diferentes níveis com:

Get-ExecutionPolicy -list